[
  {
    "message": "False is not of type 'string'",
    "data_path": "environment.a",
    "json_path": "$.environment.a",
    "schema_path": "properties.environment.additionalProperties.type",
    "relative_schema": "{'type': 'string'}",
    "expected": "string",
    "validator": "type",
    "found": "False"
  },
  {
    "message": "True is not of type 'string'",
    "data_path": "environment.b",
    "json_path": "$.environment.b",
    "schema_path": "properties.environment.additionalProperties.type",
    "relative_schema": "{'type': 'string'}",
    "expected": "string",
    "validator": "type",
    "found": "True"
  }
]
