---
source: crates/cribo/tests/test_bundling_snapshots.rs
input_file: crates/cribo/tests/fixtures/module_first_resolution/main.py
---
#!/usr/bin/env python3
# Generated by Cribo - Python Source Bundler
# https://github.com/ophidiarium/cribo

import functools
import types
@functools.cache
def __cribo_init___cribo_e25798_foo():
    module = types.SimpleNamespace()
    module.__name__ = 'foo'
    source = "foo/__init__.py (package)"
    module.source = source
    value = "CORRECT - package"
    module.value = value
    print("Successfully imported foo package")
    return module
foo = __cribo_init___cribo_e25798_foo()
print(f"Imported foo from: {foo.source}")
print(f"foo.value = {foo.value}")
