---
source: crates/cribo/tests/test_bundling_snapshots.rs
input_file: crates/cribo/tests/fixtures/stickytape_imports_in_imported_modules/main.py
---
#!/usr/bin/env python3
# Generated by Cribo - Python Source Bundler
# https://github.com/ophidiarium/cribo

import types
greetings = types.SimpleNamespace(__name__='greetings')
greetings_english = types.SimpleNamespace(__name__='greetings.english')
greetings.english = greetings_english
message = "Hello"
greetings.message = message
greetings_english.message = message
print(message)
