---
source: crates/cribo/tests/test_bundling_snapshots.rs
input_file: crates/cribo/tests/fixtures/ast_rewriting_happy_path/main.py
---
#!/usr/bin/env python3
# Generated by Cribo - Python Source Bundler
# https://github.com/ophidiarium/cribo

import enum
import types
import typing
models = types.SimpleNamespace(__name__='models')
services = types.SimpleNamespace(__name__='services')
utils = types.SimpleNamespace(__name__='utils')
models_user = types.SimpleNamespace(__name__='models.user')
models.user = models_user
services_database = types.SimpleNamespace(__name__='services.database')
services.database = services_database
utils_helpers = types.SimpleNamespace(__name__='utils.helpers')
utils.helpers = utils_helpers
class DatabaseConnection:
    """Represents a database connection."""

    def __init__(self, connection_string: str):
        self.connection_string = connection_string
        self.is_connected = False

    def connect(self) -> bool:
        """Connect to the database."""
        self.is_connected = True
        return True

    def disconnect(self) -> None:
        """Disconnect from the database."""
        self.is_connected = False
class DatabaseService:
    """Service for database operations."""

    def __init__(self, database_path: str):
        self.connection_string = f"sqlite://{database_path}"
        self.connection = DatabaseConnection(self.connection_string)
        self.cache: typing.Dict[str, typing.Any] = {}

    def connect(self) -> bool:
        """Connect to the database."""
        return self.connection.connect()

    def query(self, sql: str) -> typing.Optional[typing.Dict[str, typing.Any]]:
        """Execute a query."""
        if not self.connection.is_connected:
            self.connect()
        return {"result": f"Executed: {sql}"}

    def close(self) -> None:
        """Close the database connection."""
        self.connection.disconnect()
class UserRole(enum.Enum):
    """User role enumeration."""
    ADMIN = "admin"
    USER = "user"
    GUEST = "guest"
class User:
    """Simple user model."""

    def __init__(self, name: str, email: str, role: UserRole=UserRole.USER):
        self.name = name
        self.email = email
        self.role = role
        self.active = True

    def __str__(self) -> str:
        return f"User(name='{self.name}', email='{self.email}', role={self.role.value})"

    def __repr__(self) -> str:
        return self.__str__()

    def activate(self) -> None:
        """Activate the user."""
        self.active = True

    def deactivate(self) -> None:
        """Deactivate the user."""
        self.active = False
def format_message(greeting: str, name: str) -> str:
    """Format a greeting message."""
    return f"{greeting}, {name}!"
def calculate_total(values: typing.List[int]) -> int:
    """Calculate the sum of a list of integers."""
    return sum(values)
DatabaseConnection.__module__ = 'services.database'
DatabaseService.__module__ = 'services.database'
"""\nDatabase service module.\nContains database-related functionality with unique names.\n"""
UserRole.__module__ = 'models.user'
User.__module__ = 'models.user'
"""\nUser model with role enumeration.\nNo naming conflicts with other modules.\n"""
"""\nUtility helper functions for the happy path test.\nThese functions have unique names that shouldn't conflict.\n"""
services_database.DatabaseConnection = DatabaseConnection
services_database.DatabaseService = DatabaseService
models_user.UserRole = UserRole
models_user.User = User
utils_helpers.format_message = format_message
utils_helpers.calculate_total = calculate_total
"""\nHappy path main module that uses multiple nested modules without name collisions.\nThis should bundle cleanly without any AST rewriting for conflicts.\n"""
def main():
    user = User("Alice", "alice@example.com", UserRole.ADMIN)
    db = DatabaseService("test.db")
    message = format_message("Welcome", user.name)
    total = calculate_total([10, 20, 30])
    print(message)
    print(f"User: {user}")
    print(f"Role: {user.role.value}")
    print(f"Database: {db.connection_string}")
    print(f"Total: {total}")
    return {"user": user.name, "email": user.email, "role": user.role.value, "total": total, "message": message}
if __name__ == "__main__":
    result = main()
    print("Result:", result)
