---
source: crates/cribo/tests/test_bundling_snapshots.rs
input_file: crates/cribo/tests/fixtures/stdlib_module_import/main.py
---
#!/usr/bin/env python3
# Generated by Cribo - Python Source Bundler
# https://github.com/ophidiarium/cribo

import abc
import enum
import threading
import types
import typing
def process():
    """Use the imported modules."""

    class MyBase(abc.ABC):
        pass

    def typed_func(x: typing.Optional[int]) -> typing.List[str]:
        return []

    class Color(enum.Enum):
        RED = 1
        GREEN = 2
    lock = threading.Lock()
    print("All modules used successfully")
    return True
"""Helper module that imports stdlib modules at module level."""
helper = types.SimpleNamespace(__name__='helper', process=process)
"""Test case for stdlib module-level imports being incorrectly transformed."""
helper.process()
