---
source: crates/cribo/tests/test_bundling_snapshots.rs
input_file: crates/cribo/tests/fixtures/cross_package_mixed_import/main.py
---
#!/usr/bin/env python3
# Generated by Cribo - Python Source Bundler
# https://github.com/ophidiarium/cribo

import functools
import sys
import types
core = types.SimpleNamespace(__name__='core')
models = types.SimpleNamespace(__name__='models')
core_database = types.SimpleNamespace(__name__='core.database')
core.database = core_database
core_utils = types.SimpleNamespace(__name__='core.utils')
core.utils = core_utils
core_version = types.SimpleNamespace(__name__='core.version')
core.version = core_version
models_base = types.SimpleNamespace(__name__='models.base')
models.base = models_base
models_user = types.SimpleNamespace(__name__='models.user')
models.user = models_user
core_utils_config = types.SimpleNamespace(__name__='core.utils.config')
core_utils.config = core_utils_config
core_utils_helpers = types.SimpleNamespace(__name__='core.utils.helpers')
core_utils.helpers = core_utils_helpers
CORE_MODEL_VERSION = "1.0.0"
class BaseModel:
    """Base model class."""

    def __init__(self, name: str):
        if not name or name.startswith("_"):
            raise ValueError(f"Invalid model name: {name}")
        self.name = name
        self.version = "1.0.0"

    def get_info(self):
        """Get model information."""
        return {"name": self.name, "type": "base", "model_version": self.version}
def process_user(name: str) -> str:
    """Process a user-related string.\n\n    This function is imported by core.database.connection,\n    demonstrating a cross-package absolute import.\n    """
    return f"user_{name}_processed"
def set_config_reference(config):
    """Set the configuration reference - called by parent package."""
    global _module_config
    _module_config = config
def get_config():
    """Get the current configuration."""
    if _module_config is None:
        return {"debug": False}
    return _module_config.copy()
def is_debug():
    """Check if debug mode is enabled."""
    if _module_config is None:
        return False
    return _module_config.get("debug", False)
def validate(value: str) -> bool:
    """Validate a string value.\n\n    This function is imported by core.database.connection using\n    a relative import (..utils.helpers), demonstrating relative\n    imports within the same package hierarchy.\n    """
    return bool(value and not value.startswith("_"))
"""User model providing cross-package functionality."""
BaseModel.__module__ = 'models.base'
"""Base model module."""
"""Configuration utilities for the core package."""
"""Version module separate from __init__ to avoid circular imports."""
"""Helper utilities for the core package."""
_cribo_core__initialized = None
_cribo_core__config = None
_cribo_models__base_model = None
@functools.cache
def __cribo_init___cribo_f00e4b_core():
    module = types.SimpleNamespace()
    module.__name__ = 'core'
    global CORE_MODEL_VERSION, get_config, set_config_reference, validate
    """Core package with initialization logic and cross-package imports."""
    _initialized = False
    module._initialized = _initialized
    _config = {"debug": False}
    module._config = _config
    set_config_reference(_config)

    def initialize_core(debug=False):
        """Initialize the core package with configuration."""
        global _cribo_core__initialized, _cribo_core__config
        _cribo_core__initialized = True
        module._initialized = _cribo_core__initialized
        _cribo_core__config["debug"] = debug
        if debug:
            print(f"Core initialized with version: {CORE_MODEL_VERSION}")
        return _cribo_core__initialized
    module.initialize_core = initialize_core

    def is_initialized():
        """Check if core is initialized."""
        return module._initialized
    module.is_initialized = is_initialized
    global _cribo_core__initialized
    _cribo_core__initialized = _initialized
    global _cribo_core__config
    _cribo_core__config = _config
    module.version = core_version
    module.utils = core_utils
    module.CORE_MODEL_VERSION = CORE_MODEL_VERSION
    module.validate = validate
    module.get_config = get_config
    return module
@functools.cache
def __cribo_init___cribo_563ea2_models():
    module = types.SimpleNamespace()
    module.__name__ = 'models'
    global process_user
    """Models package with conditional imports and circular dependency handling."""
    _VERSION = "1.0.0"
    module._VERSION = _VERSION

    def get_model_version():
        """Get the models package version."""
        return module._VERSION
    module.get_model_version = get_model_version
    if sys.version_info >= (3, 9):
        from typing import TypeAlias
        module.TypeAlias = TypeAlias
        ModelID: TypeAlias = str
    else:
        ModelID = str
        module.ModelID = ModelID
    _base_model = None
    module._base_model = _base_model

    def get_base_model():
        """Lazy import of BaseModel to avoid circular imports."""
        global _cribo_models__base_model
        if _cribo_models__base_model is None:
            _cribo_models__base_model = BaseModel
        return _cribo_models__base_model
    module.get_base_model = get_base_model
    DEFAULT_MODEL_CONFIG = {"version": _VERSION, "features": ["user_processing", "lazy_loading"]}
    module.DEFAULT_MODEL_CONFIG = DEFAULT_MODEL_CONFIG
    try:
        from models.advanced import AdvancedModel
        module.AdvancedModel = AdvancedModel
        HAS_ADVANCED = True
        module.HAS_ADVANCED = HAS_ADVANCED
        DEFAULT_MODEL_CONFIG["features"].append("advanced_model")
    except ImportError:
        HAS_ADVANCED = False
        module.HAS_ADVANCED = HAS_ADVANCED
        AdvancedModel = None
        module.AdvancedModel = AdvancedModel
    if HAS_ADVANCED:
        __all__.append("AdvancedModel")
    global _cribo_models__base_model
    _cribo_models__base_model = _base_model
    module.user = models_user
    module.base = models_base
    module.process_user = process_user
    return module
@functools.cache
def __cribo_init___cribo_1f0c3d_core_database_connection():
    module = types.SimpleNamespace()
    module.__name__ = 'core.database.connection'
    global CORE_MODEL_VERSION, process_user, validate
    helper_validate = validate
    get_full_config = get_config
    """Database connection module demonstrating mixed import patterns.\n\nThis module combines:\n1. Absolute import from a different package (models.user)\n2. Relative import from within the same package (..utils.helpers)\n3. Import from parent package's version module (not __init__.py)\n4. No imports from parent package's __init__.py to avoid circular dependencies\n"""
    models = __cribo_init___cribo_563ea2_models()
    DEFAULT_MODEL_CONFIG = models.DEFAULT_MODEL_CONFIG
    module.DEFAULT_MODEL_CONFIG = DEFAULT_MODEL_CONFIG
    get_base_model = models.get_base_model
    module.get_base_model = get_base_model
    _connection_types = ["standard", "pooled", "async"]
    module._connection_types = _connection_types
    CONNECTION_METADATA = {"supported_types": _connection_types, "validator": helper_validate.__name__, "processor": process_user.__name__, "core_version": CORE_MODEL_VERSION, "model_config": DEFAULT_MODEL_CONFIG}
    module.CONNECTION_METADATA = CONNECTION_METADATA

    class Connection:
        """Connection class using mixed imports."""

        def __init__(self, database_name: str):
            if not helper_validate(database_name) or any(char in database_name for char in ["/", "\\", ":"]):
                raise ValueError(f"Invalid database name: {database_name}")
            self.name = process_user(database_name)
            self.metadata = CONNECTION_METADATA.copy()
            if database_name.startswith("model_"):
                BaseModel = get_base_model()
                self.model = BaseModel(database_name)
                self.metadata["model_info"] = self.model.get_info()

        def __str__(self):
            return f"Connection to {self.name}"
    module.Connection = Connection

    def connect(database_name: str) -> Connection:
        """Create a new database connection."""
        return Connection(database_name)
    module.connect = connect

    def get_connection_info() -> dict:
        """Get general connection information."""
        info = {"metadata": module.CONNECTION_METADATA, "debug_mode": is_debug(), "available_validators": ["validate_db_name", helper_validate.__name__]}
        if is_debug():
            info["config"] = get_full_config()
        return info
    module.get_connection_info = get_connection_info
    module.process_user = process_user
    module.CORE_MODEL_VERSION = CORE_MODEL_VERSION
    return module
@functools.cache
def __cribo_init___cribo_782908_core_database():
    module = types.SimpleNamespace()
    module.__name__ = 'core.database'
    global validate
    """Database subpackage with import-time initialization and re-exports."""
    _registered_types = []
    module._registered_types = _registered_types

    def _register_type(type_name):
        """Internal function to register database types."""
        module._registered_types.append(type_name)
        return type_name
    module._register_type = _register_type
    _register_type("connection")
    _register_type("cursor")

    def validate_db_name(name: str) -> bool:
        """Validate database name with additional rules."""
        if not validate(name):
            return False
        return not any(char in name for char in ["/", "\\", ":"])
    module.validate_db_name = validate_db_name
    core.database.connection = __cribo_init___cribo_1f0c3d_core_database_connection()
    connect = core.database.connection.connect
    module.connect = connect
    get_connection_info = core.database.connection.get_connection_info
    module.get_connection_info = get_connection_info

    def safe_connect(database_name: str) -> str:
        """Connect only if core is initialized."""
        __cribo_init_result = __cribo_init___cribo_f00e4b_core()
        for attr in dir(__cribo_init_result):
            if not attr.startswith('_'):
                setattr(core, attr, getattr(__cribo_init_result, attr))
        is_initialized = core.is_initialized
        if not is_initialized():
            raise RuntimeError("Core package must be initialized before connecting")
        return connect(database_name)
    module.safe_connect = safe_connect
    return module
core_utils_config.set_config_reference = set_config_reference
core_utils_config.get_config = get_config
core_utils_config.is_debug = is_debug
core_utils_helpers.validate = validate
"""Test fixture demonstrating cross-package mixed import patterns.\n\nThis tests the specific pattern where a module uses both:\n1. Deep absolute imports crossing package boundaries (e.g., from models.user)\n2. Relative imports within its package (e.g., from ..utils.helpers)\n3. Import order dependencies with __init__.py files\n"""
__cribo_init_result = __cribo_init___cribo_f00e4b_core()
for attr in dir(__cribo_init_result):
    if not attr.startswith('_'):
        setattr(core, attr, getattr(__cribo_init_result, attr))
initialize_core = core.initialize_core
__cribo_init_result = __cribo_init___cribo_782908_core_database()
for attr in dir(__cribo_init_result):
    if not attr.startswith('_'):
        setattr(core.database, attr, getattr(__cribo_init_result, attr))
db_connect = core.database.connect
core.database.connection = __cribo_init___cribo_1f0c3d_core_database_connection()
connect = core.database.connection.connect
get_connection_info = core.database.connection.get_connection_info
CONNECTION_METADATA = core.database.connection.CONNECTION_METADATA
models = __cribo_init___cribo_563ea2_models()
get_model_version = models.get_model_version
DEFAULT_MODEL_CONFIG = models.DEFAULT_MODEL_CONFIG
HAS_ADVANCED = models.HAS_ADVANCED
__cribo_init_result = __cribo_init___cribo_f00e4b_core()
for attr in dir(__cribo_init_result):
    if not attr.startswith('_'):
        setattr(core, attr, getattr(__cribo_init_result, attr))
validate = validate
get_config = get_config
def demonstrate_import_patterns():
    """Demonstrate various import pattern behaviors."""
    print("=== Import Pattern Demonstration ===")
    print(f"\n1. Import-time values:")
    print(f"   - Model version from models package: {get_model_version()}")
    print(f"   - Core model version: {CONNECTION_METADATA['core_version']}")
    print(f"   - Model config features: {DEFAULT_MODEL_CONFIG['features']}")
    print(f"   - Has advanced model: {HAS_ADVANCED}")
    print(f"\n2. Pre-initialization state:")
    print(f"   - Config before init: {get_config()}")
    initialize_core(debug=True)
    print(f"\n3. Post-initialization state:")
    print(f"   - Config after init: {get_config()}")
    print(f"\n4. Testing connections:")
    conn1 = connect("test_db")
    print(f"   - Direct import: {conn1}")
    conn2 = db_connect("prod_db")
    print(f"   - Package-level import: {conn2}")
    conn3 = connect("model_user_db")
    print(f"   - With lazy import: {conn3}")
    info = get_connection_info()
    print(f"\n5. Connection info shows all imports:")
    print(f"   - Debug mode: {info['debug_mode']}")
    print(f"   - Available validators: {info['available_validators']}")
    print(f"   - Metadata processor: {info['metadata']['processor']}")
    print(f"   - Config included: {'config' in info}")
    return info
def main():
    """Main entry point."""
    results = demonstrate_import_patterns()
    print(f"\n6. Package-level re-exports:")
    print(f"   - validate('test'): {validate('test')}")
    print(f"   - validate('_hidden'): {validate('_hidden')}")
    return results
if __name__ == "__main__":
    result = main()
    print(f"\n=== Final Result ===")
    print(f"Successfully demonstrated cross-package mixed import patterns")
