---
source: crates/cribo/tests/test_bundling_snapshots.rs
input_file: crates/cribo/tests/fixtures/version_import_complex/main.py
---
#!/usr/bin/env python3
# Generated by Cribo - Python Source Bundler
# https://github.com/ophidiarium/cribo

import types
mypackage = types.SimpleNamespace(__name__='mypackage')
mypackage_utils = types.SimpleNamespace(__name__='mypackage.utils')
mypackage.utils = mypackage_utils
__version__ = "2.0.0"
def get_user_agent():
    """Return a user agent string with version."""
    return f"mypackage/{__version__}"
"""Utility module that imports __version__ from a sibling module."""
"""Version information."""
"""Main package that exposes version and imports submodules."""
mypackage___version__ = types.SimpleNamespace(__name__='mypackage.__version__')
utils = mypackage_utils
mypackage_utils.get_user_agent = get_user_agent
mypackage___version__.__version__ = __version__
"""Test fixture for importing __version__ in a complex module structure."""
mypackage.__version__ = __version__
print(f"User agent: {get_user_agent()}")
print(f"Package version: {mypackage.__version__}")
