---
source: crates/cribo/tests/test_bundling_snapshots.rs
input_file: crates/cribo/tests/fixtures/function_level_module_import/main.py
---
#!/usr/bin/env python3
# Generated by Cribo - Python Source Bundler
# https://github.com/ophidiarium/cribo

import types
utils = types.SimpleNamespace(__name__='utils')
utils_calculator = types.SimpleNamespace(__name__='utils.calculator')
utils.calculator = utils_calculator
description = "A simple calculator module"
def add(a, b):
    return a + b
"""Calculator module with simple operations"""
utils_calculator.description = description
utils_calculator.add = add
def process_data():
    calculator = utils_calculator
    result = calculator.add(5, 3)
    print(f"Result: {result}")
    print(f"Calculator description: {calculator.description}")
if __name__ == "__main__":
    process_data()
