---
source: crates/cribo/tests/test_bundling_snapshots.rs
input_file: crates/cribo/tests/fixtures/test_forward_reference/main.py
---
#!/usr/bin/env python3
# Generated by Cribo - Python Source Bundler
# https://github.com/ophidiarium/cribo

def validate_2():
    """Helper validate function"""
    return "helper validate"
validate_imported = validate_2
def validate_1():
    """Local validate function that conflicts with imported one"""
    return "local validate"
validate = validate_1
def main():
    print(validate())
    print(validate_imported())
if __name__ == "__main__":
    main()
