---
source: crates/cribo/tests/test_bundling_snapshots.rs
input_file: crates/cribo/tests/fixtures/module_attribute_fstring/main.py
---
#!/usr/bin/env python3
# Generated by Cribo - Python Source Bundler
# https://github.com/ophidiarium/cribo

import types
mypackage = types.SimpleNamespace(__name__='mypackage')
mypackage_constants = types.SimpleNamespace(__name__='mypackage.constants')
mypackage.constants = mypackage_constants
mypackage_utils = types.SimpleNamespace(__name__='mypackage.utils')
mypackage.utils = mypackage_utils
VERSION = "1.0.0"
def get_version():
    return VERSION
mypackage.get_version = get_version
mypackage_utils.get_version = get_version
mypackage_constants.VERSION = VERSION
print(f"Version: {mypackage.get_version()}")
