---
source: crates/cribo/tests/test_bundling_snapshots.rs
input_file: crates/cribo/tests/fixtures/simple_nested_handler/main.py
---
#!/usr/bin/env python3
# Generated by Cribo - Python Source Bundler
# https://github.com/ophidiarium/cribo

import types
def handler_2() -> str:
    return "Hello from boo.py"
def handler_3() -> str:
    return "Hello from foo.py"
foo = types.SimpleNamespace(__name__='foo', handler=handler_3)
boo_handler = handler_2
def handler_1():
    print(foo.handler())
    print(boo_handler())
handler = handler_1
if __name__ == "__main__":
    handler_1()
