---
source: crates/cribo/tests/test_bundling_snapshots.rs
input_file: crates/cribo/tests/fixtures/private_module_vars/main.py
---
#!/usr/bin/env python3
# Generated by Cribo - Python Source Bundler
# https://github.com/ophidiarium/cribo

import functools
import re
import types
pkg = types.SimpleNamespace(__name__='pkg')
pkg_consumer = types.SimpleNamespace(__name__='pkg.consumer')
pkg.consumer = pkg_consumer
@functools.cache
def __cribo_init___cribo_73cafd_pkg__internal():
    module = types.SimpleNamespace()
    module.__name__ = 'pkg._internal'
    """Internal module with private variables."""
    _VALID_HEADER_NAME_RE_BYTE = re.compile(rb"^[^:\s][^:\r\n]*$")
    module._VALID_HEADER_NAME_RE_BYTE = _VALID_HEADER_NAME_RE_BYTE
    _VALID_HEADER_NAME_RE_STR = re.compile(r"^[^:\s][^:\r\n]*$")
    module._VALID_HEADER_NAME_RE_STR = _VALID_HEADER_NAME_RE_STR
    _VALID_HEADER_VALUE_RE_BYTE = re.compile(rb"^\S[^\r\n]*$|^$")
    module._VALID_HEADER_VALUE_RE_BYTE = _VALID_HEADER_VALUE_RE_BYTE
    _VALID_HEADER_VALUE_RE_STR = re.compile(r"^\S[^\r\n]*$|^$")
    module._VALID_HEADER_VALUE_RE_STR = _VALID_HEADER_VALUE_RE_STR
    _HEADER_VALIDATORS_STR = _VALID_HEADER_NAME_RE_STR, _VALID_HEADER_VALUE_RE_STR
    module._HEADER_VALIDATORS_STR = _HEADER_VALIDATORS_STR
    _HEADER_VALIDATORS_BYTE = _VALID_HEADER_NAME_RE_BYTE, _VALID_HEADER_VALUE_RE_BYTE
    module._HEADER_VALIDATORS_BYTE = _HEADER_VALIDATORS_BYTE
    HEADER_VALIDATORS = {bytes: _HEADER_VALIDATORS_BYTE, str: _HEADER_VALIDATORS_STR}
    module.HEADER_VALIDATORS = HEADER_VALIDATORS

    def process_headers(headers):
        """Example function that uses the validators."""
        return f"Processing {len(headers)} headers with validators"
    module.process_headers = process_headers
    return module
pkg._internal = __cribo_init___cribo_73cafd_pkg__internal()
def get_validators():
    """Return the validators."""
    assert pkg._internal._HEADER_VALIDATORS_BYTE is not None
    assert pkg._internal._HEADER_VALIDATORS_STR is not None
    return pkg._internal.HEADER_VALIDATORS
def validate_header(header_type, header_data):
    """Use the imported private variables."""
    if header_type == bytes:
        validators = pkg._internal._HEADER_VALIDATORS_BYTE
    else:
        validators = pkg._internal._HEADER_VALIDATORS_STR
    name_re, value_re = validators
    return f"Validated with {name_re.pattern}"
"""Consumer module that imports private variables from _internal module."""
pkg_consumer.get_validators = get_validators
pkg_consumer.validate_header = validate_header
"""Test case for bundling modules that have private module variables accessed by other modules."""
validators = get_validators()
print(f"Got validators: {validators}")
assert isinstance(validators, dict)
assert bytes in validators
assert str in validators
assert len(validators[bytes]) == 2
assert len(validators[str]) == 2
print("âœ“ All tests passed!")
