---
source: crates/cribo/tests/test_bundling_snapshots.rs
input_file: crates/cribo/tests/fixtures/stickytape_import_from_as_module/main.py
---
#!/usr/bin/env python3
# Generated by Cribo - Python Source Bundler
# https://github.com/ophidiarium/cribo

import types
greetings = types.SimpleNamespace(__name__='greetings')
greetings_greeting = types.SimpleNamespace(__name__='greetings.greeting')
greetings.greeting = greetings_greeting
message = "Hello"
greetings_greeting.message = message
g = greetings_greeting
print(g.message)
