---
source: crates/cribo/tests/test_bundling_snapshots.rs
input_file: crates/cribo/tests/fixtures/stickytape_explicit_relative_import_single_dot/main.py
---
#!/usr/bin/env python3
# Generated by Cribo - Python Source Bundler
# https://github.com/ophidiarium/cribo

import types
greetings = types.SimpleNamespace(__name__='greetings')
greetings_greeting = types.SimpleNamespace(__name__='greetings.greeting')
greetings.greeting = greetings_greeting
greetings_messages = types.SimpleNamespace(__name__='greetings.messages')
greetings.messages = greetings_messages
message_2 = "Hello"
messages = greetings_messages
greetings_messages.message = message_2
message_1 = messages.message
greetings_greeting.message = message_1
greetings.greeting.message = message_1
print(greetings.greeting.message)
