---
source: crates/cribo/tests/test_bundling_snapshots.rs
input_file: crates/cribo/tests/fixtures/importlib_edge_cases/main.py
---
#!/usr/bin/env python3
# Generated by Cribo - Python Source Bundler
# https://github.com/ophidiarium/cribo

import functools
import types
@functools.cache
def __cribo_init___cribo_332fbf_my_module():
    module = types.SimpleNamespace()
    module.__name__ = 'my-module'
    value = 42
    module.value = value

    def get_value():
        return module.value
    module.get_value = get_value
    return module
mod = __cribo_init___cribo_332fbf_my_module()
print(f"Value: {mod.value}")
print(f"Function result: {mod.get_value()}")
assert mod.value == 42
print("SUCCESS: Importlib works with invalid identifiers!")
