---
source: crates/cribo/tests/test_bundling_snapshots.rs
input_file: crates/cribo/tests/fixtures/pyfail_four_module_cycle/main.py
---
#!/usr/bin/env python3
# Generated by Cribo - Python Source Bundler
# https://github.com/ophidiarium/cribo

import types
def final_step():
    """Final step called by module_d to complete the cycle"""
    return "A_final"
def start_process():
    """Start the processing chain A -> B -> C -> D -> A"""
    return f"A({process_in_b()})"
def process_in_b():
    """Process in B, depends on C"""
    return f"B({process_in_c()})"
def process_in_c():
    """Process in C, depends on D"""
    return f"C({process_in_d()})"
def process_in_d():
    """Process in D, depends back on A - completes the 4-module cycle"""
    return f"D({final_step()})"
module_a = types.SimpleNamespace(__name__='module_a', final_step=final_step, start_process=start_process)
def main():
    result = module_a.start_process()
    print(f"Four module cycle result: {result}")
if __name__ == "__main__":
    main()
