---
source: crates/cribo/tests/test_cli_stdout.rs
expression: stdout
---
#!/usr/bin/env python3
# Generated by Cribo - Python Source Bundler
# https://github.com/ophidiarium/cribo

"""Test package with __main__.py entry point."""
def main():
    print("Running from __main__.py")
if __name__ == "__main__":
    main()
