pds_Product_Observational__pds_Identification_Area_1__pds_logical_identifier_1
pds_Product_Observational__pds_Identification_Area_1__pds_version_id_1
pds_Product_Observational__pds_Observation_Area_1__pds_Time_Coordinates_1__pds_start_date_time_1
pds_Product_Observational__pds_Observation_Area_1__pds_Time_Coordinates_1__pds_stop_date_time_1
pds_Product_Observational__pds_Observation_Area_1__pds_Primary_Result_Summary_1__pds_Science_Facets_1__pds_wavelength_range_1
pds_Product_Observational__pds_Observation_Area_1__pds_Primary_Result_Summary_1__pds_Science_Facets_2__pds_wavelength_range_1
