pds:logical_identifier<1>
filename
pds:version_id<1>
filepath
pds:title<1>
