pds:Product_Observational/pds:Identification_Area<1>/pds:logical_identifier<1>,pds:Product_Observational/pds:Identification_Area<1>/pds:version_id<1>,pds:Product_Observational/pds:Identification_Area<1>/pds:title<1>,pds:Product_Observational/pds:Identification_Area<1>/pds:information_model_version<1>,pds:Product_Observational/pds:Observing_System<1>/pds:name<1>,pds:Product_Observational/pds:Observing_System<1>/pds:Observing_System_Component<1>/pds:name<1>,pds:Product_Observational/pds:Observing_System<1>/pds:Observing_System_Component<1>/pds:type<1>,pds:Product_Observational/pds:Observing_System<1>/pds:Observing_System_Component<1>/pds:Internal_Reference<1>/pds:lid_reference<1>,pds:Product_Observational/pds:Observing_System<1>/pds:Observing_System_Component<1>/pds:Internal_Reference<1>/pds:reference_type<1>
urn:nasa:pds:cassini_iss_saturn:data_raw:1455200455n,1.0,Cassini ISS Image 1455200455n.img,1.11.0.0,Cassini Orbiter Imaging Science Subsystem,Cassini Orbiter,Spacecraft,urn:nasa:pds:context:instrument_host:spacecraft.co,is_instrument_host
