<?xml version="1.0" encoding="UTF-8"?>
<?xml-model href="https://pds.nasa.gov/pds4/pds/v1/PDS4_PDS_1L00.sch"
    schematypens="http://purl.oclc.org/dsdl/schematron"?>

<Product_Ancillary xmlns="http://pds.nasa.gov/pds4/pds/v1"
 xmlns:xsi="http://www.w3.org/2001/XMLSchema-instance"
 xsi:schemaLocation="http://pds.nasa.gov/pds4/pds/v1 https://pds.nasa.gov/pds4/pds/v1/PDS4_PDS_1L00.xsd">
    <Identification_Area>
        <logical_identifier>urn:nasa:pds:rms_metadata:document_opus:label_references</logical_identifier>
        <version_id>1.0</version_id>
        <title>Index file for my occultation bundle</title>
        <information_model_version>1.21.0.0</information_model_version>
        <product_class>Product_Ancillary</product_class>
        <Modification_History>
            <Modification_Detail>
                <modification_date>2024-01-01</modification_date>
                <version_id>1.1</version_id>
                <description>This is a lengthy description of what this modification
changed in the bundle.
There were lots of changes.
</description>
            </Modification_Detail>
            <Modification_Detail>
                <modification_date>2023-01-01</modification_date>
                <version_id>1.</version_id>
                <description>Initial release.</description>
            </Modification_Detail>
        </Modification_History>
        <License_Information>
            <name>Creative Common Public License CC0 1.0 (2024)</name>
            <description>Creative Commons Zero (CC0) license information.</description>
            <Internal_Reference>
                <lid_reference>urn:nasa:pds:system_bundle:document_pds4_standards:creative_commons_1.0.0::1.0</lid_reference>
                <reference_type>product_to_license</reference_type>
            </Internal_Reference>
        </License_Information>
    </Identification_Area>
    <Reference_List>
        <Internal_Reference>
            <lid_reference>urn:nasa:pds:cassini_iss_cruise:data_raw:body-geometry</lid_reference>
            <reference_type>data_to_resource</reference_type>
            <comment>The index table of body surface geometry information associated with each observation.</comment>
        </Internal_Reference>
        <Internal_Reference>
            <lid_reference>urn:nasa:pds:cassini_iss_cruise:body-inventory</lid_reference>
            <reference_type>data_to_resource</reference_type>
            <comment>An index listing every Saturn system body expected to fall within each field of view.</comment>
        </Internal_Reference>
        <External_Reference>
            <doi>10.1086/113662</doi>
            <reference_text>Elliot et al. (1984). "Structure of the Uranian rings. I. Square-well model and particle-size constraints" Astron J. 89, 1587-1603.</reference_text>
            <description>reference material</description>
        </External_Reference>
        <Source_Product_Internal>
            <lidvid_reference>urn:nasa:pds:insight-ifg-mars:data-ifg-raw:ifg-raw-sol0014-20181211t021721-20181211t150435-pt2hz::5.0</lidvid_reference>
            <reference_type>data_to_raw_source_product</reference_type>
            <comment>Raw data used in processing</comment>
        </Source_Product_Internal>
        <Source_Product_External>
            <external_source_product_identifier>CO-S-UVIS-2-CUBE-V1.4:COUVIS_0056/DATA/D2016_245/EUV2016_245_17_49</external_source_product_identifier>
            <reference_type>data_to_raw_source_product</reference_type>
            <doi>None</doi>
            <curating_facility>PDS RMS Node</curating_facility>
            <description>The original PDS3 version of this product. The form of the reference is dataset_id:volume_id:directory_path:file_name.</description>
        </Source_Product_External>
    </Reference_List>
    <File_Area_Ancillary>
        <File>
            <file_name>label_references.csv</file_name>
            <local_identifier>index-table</local_identifier>
            <creation_date_time>0001-01-01T00:00:00.00Z</creation_date_time>
            <md5_checksum>85e4697006ea9a54e7eafa8cf4b9bb40</md5_checksum>
            <comment></comment>
        </File>
        <Header>
            <offset unit="byte">0</offset>
            <object_length unit="byte">303</object_length>
            <parsing_standard_id>UTF-8 Text</parsing_standard_id>
            <description>Provides the column headers, separated by commas, for the data table.</description>
        </Header>
        <Table_Delimited>
            <offset unit="byte">0</offset>
            <object_length unit="byte">542</object_length>
            <parsing_standard_id>PDS DSV 1</parsing_standard_id>
            <records>2</records>
            <record_delimiter>Line-Feed</record_delimiter>
            <field_delimiter>Comma</field_delimiter>
            <Record_Delimited>
                <fields>9</fields>
                <groups>0</groups>
                <maximum_record_length unit="byte">302</maximum_record_length>
                    <Field_Delimited>
                        <name>pds:logical_identifier&lt;1&gt;</name>
                        <field_number>1</field_number>
                        <data_type>ASCII_Short_String_Collapsed</data_type>
                        <maximum_field_length unit="byte">52</maximum_field_length>
                        <Special_Constants></Special_Constants>
                    </Field_Delimited>
                    <Field_Delimited>
                        <name>pds:version_id&lt;1&gt;</name>
                        <field_number>2</field_number>
                        <data_type>ASCII_Short_String_Collapsed</data_type>
                        <maximum_field_length unit="byte">3</maximum_field_length>
                        <Special_Constants></Special_Constants>
                    </Field_Delimited>
                    <Field_Delimited>
                        <name>pds:title&lt;1&gt;</name>
                        <field_number>3</field_number>
                        <data_type>ASCII_Short_String_Collapsed</data_type>
                        <maximum_field_length unit="byte">33</maximum_field_length>
                        <Special_Constants></Special_Constants>
                    </Field_Delimited>
                    <Field_Delimited>
                        <name>pds:information_model_version&lt;1&gt;</name>
                        <field_number>4</field_number>
                        <data_type>ASCII_Short_String_Collapsed</data_type>
                        <maximum_field_length unit="byte">8</maximum_field_length>
                        <Special_Constants></Special_Constants>
                    </Field_Delimited>
                    <Field_Delimited>
                        <name>pds:Product_Observational/pds:Observing_System&lt;1&gt;/pds:name&lt;1&gt;</name>
                        <field_number>5</field_number>
                        <data_type>UTF8_Short_String_Collapsed</data_type>
                        <maximum_field_length unit="byte">41</maximum_field_length>
                        <Special_Constants></Special_Constants>
                    </Field_Delimited>
                    <Field_Delimited>
                        <name>pds:Product_Observational/pds:Observing_System&lt;1&gt;/pds:Observing_System_Component&lt;1&gt;/pds:name&lt;1&gt;</name>
                        <field_number>6</field_number>
                        <data_type>UTF8_Short_String_Collapsed</data_type>
                        <maximum_field_length unit="byte">15</maximum_field_length>
                        <Special_Constants></Special_Constants>
                    </Field_Delimited>
                    <Field_Delimited>
                        <name>pds:type&lt;1&gt;</name>
                        <field_number>7</field_number>
                        <data_type>ASCII_Short_String_Collapsed</data_type>
                        <maximum_field_length unit="byte">10</maximum_field_length>
                        <Special_Constants></Special_Constants>
                    </Field_Delimited>
                    <Field_Delimited>
                        <name>pds:lid_reference&lt;1&gt;</name>
                        <field_number>8</field_number>
                        <data_type>ASCII_LID</data_type>
                        <maximum_field_length unit="byte">50</maximum_field_length>
                        <Special_Constants></Special_Constants>
                    </Field_Delimited>
                    <Field_Delimited>
                        <name>pds:reference_type&lt;1&gt;</name>
                        <field_number>9</field_number>
                        <data_type>ASCII_Short_String_Collapsed</data_type>
                        <maximum_field_length unit="byte">18</maximum_field_length>
                        <Special_Constants></Special_Constants>
                    </Field_Delimited>
            </Record_Delimited>
        </Table_Delimited>
    </File_Area_Ancillary>
</Product_Ancillary>
