pds:Product_Observational/pds:Identification_Area<1>/pds:logical_identifier<1>,pds:Product_Observational/pds:Identification_Area<1>/pds:version_id<1>,pds:Product_Observational/pds:Observation_Area<1>/pds:Time_Coordinates<1>/pds:start_date_time<1>,pds:Product_Observational/pds:Observation_Area<1>/pds:Time_Coordinates<1>/pds:stop_date_time<1>
urn:nasa:pds:uranus_occ_u149_irtf_320cm:data:2200nm_counts-v-time_occult,1.0,1998-11-06T04:38:18.7028Z,0002-01-01T12:00Z
