rings:occultation_type<1>
rings:occultation_direction<1>
rings:time_series_direction<1>
rings:planetary_occultation_flag<1>
rings:data_quality_score<1>
rings:ring_plane<1>
rings:star_name<1>
rings:fresnel_scale<1>
rings:projected_star_diameter<1>
rings:sigma_projected_star_diameter<1>
rings:fractional_error_star_counts<1>
rings:time_constant_type<1>
rings:time_constant<1>
rings:sigma_time_constant<1>
rings:minimum_wavelength<1>
rings:maximum_wavelength<1>
rings:reference_time_utc<1>
rings:minimum_observed_event_time<1>
rings:maximum_observed_event_time<1>
rings:observed_event_start_tdb<1>
rings:observed_event_stop_tdb<1>
rings:earth_received_start_time_utc<1>
rings:earth_received_stop_time_utc<1>
rings:minimum_ring_radius<1>
rings:maximum_ring_radius<1>
rings:minimum_ring_longitude<1>
rings:maximum_ring_longitude<1>
rings:minimum_observed_ring_azimuth<1>
rings:maximum_observed_ring_azimuth<1>
rings:observed_ring_elevation<1>
rings:light_source_incidence_angle<1>
