{
    "references": {
        "Ni": -0.00875180067285175,
        "Cu": -0.005681511358579083
    },
    "chemical_potentials": {
        "Cu": -0.1,
        "Ni": -0.1
    },
    "template_energy": 0
}